react-dom_client.js?v=cc585fda:20103 Download the React DevTools for a better development experience: https://react.dev/link/react-devtools
App.tsx:53 ⚠️ React Router Future Flag Warning: React Router will begin wrapping state updates in `React.startTransition` in v7. You can use the `v7_startTransition` future flag to opt-in early. For more information, see https://reactrouter.com/v6/upgrading/future#v7_starttransition.
warnOnce @ react-router-dom.js?v=4a8ad9c7:4393
logDeprecation @ react-router-dom.js?v=4a8ad9c7:4396
logV6DeprecationWarnings @ react-router-dom.js?v=4a8ad9c7:4399
(anonymous) @ react-router-dom.js?v=4a8ad9c7:5271
react_stack_bottom_frame @ react-dom_client.js?v=cc585fda:18567
runWithFiberInDEV @ react-dom_client.js?v=cc585fda:997
commitHookEffectListMount @ react-dom_client.js?v=cc585fda:9411
commitHookPassiveMountEffects @ react-dom_client.js?v=cc585fda:9465
commitPassiveMountOnFiber @ react-dom_client.js?v=cc585fda:11040
recursivelyTraversePassiveMountEffects @ react-dom_client.js?v=cc585fda:11010
commitPassiveMountOnFiber @ react-dom_client.js?v=cc585fda:11201
recursivelyTraversePassiveMountEffects @ react-dom_client.js?v=cc585fda:11010
commitPassiveMountOnFiber @ react-dom_client.js?v=cc585fda:11033
recursivelyTraversePassiveMountEffects @ react-dom_client.js?v=cc585fda:11010
commitPassiveMountOnFiber @ react-dom_client.js?v=cc585fda:11033
recursivelyTraversePassiveMountEffects @ react-dom_client.js?v=cc585fda:11010
commitPassiveMountOnFiber @ react-dom_client.js?v=cc585fda:11201
recursivelyTraversePassiveMountEffects @ react-dom_client.js?v=cc585fda:11010
commitPassiveMountOnFiber @ react-dom_client.js?v=cc585fda:11033
recursivelyTraversePassiveMountEffects @ react-dom_client.js?v=cc585fda:11010
commitPassiveMountOnFiber @ react-dom_client.js?v=cc585fda:11201
recursivelyTraversePassiveMountEffects @ react-dom_client.js?v=cc585fda:11010
commitPassiveMountOnFiber @ react-dom_client.js?v=cc585fda:11033
recursivelyTraversePassiveMountEffects @ react-dom_client.js?v=cc585fda:11010
commitPassiveMountOnFiber @ react-dom_client.js?v=cc585fda:11033
recursivelyTraversePassiveMountEffects @ react-dom_client.js?v=cc585fda:11010
commitPassiveMountOnFiber @ react-dom_client.js?v=cc585fda:11033
recursivelyTraversePassiveMountEffects @ react-dom_client.js?v=cc585fda:11010
commitPassiveMountOnFiber @ react-dom_client.js?v=cc585fda:11066
flushPassiveEffects @ react-dom_client.js?v=cc585fda:13150
flushPendingEffects @ react-dom_client.js?v=cc585fda:13088
performSyncWorkOnRoot @ react-dom_client.js?v=cc585fda:13514
flushSyncWorkAcrossRoots_impl @ react-dom_client.js?v=cc585fda:13414
flushSpawnedWork @ react-dom_client.js?v=cc585fda:13067
commitRoot @ react-dom_client.js?v=cc585fda:12804
commitRootWhenReady @ react-dom_client.js?v=cc585fda:12016
performWorkOnRoot @ react-dom_client.js?v=cc585fda:11950
performWorkOnRootViaSchedulerTask @ react-dom_client.js?v=cc585fda:13505
performWorkUntilDeadline @ react-dom_client.js?v=cc585fda:36
<BrowserRouter>
exports.jsxDEV @ react_jsx-dev-runtime.js?v=898614bf:247
(anonymous) @ App.tsx:53
react_stack_bottom_frame @ react-dom_client.js?v=cc585fda:18509
renderWithHooks @ react-dom_client.js?v=cc585fda:5654
updateFunctionComponent @ react-dom_client.js?v=cc585fda:7475
beginWork @ react-dom_client.js?v=cc585fda:8525
runWithFiberInDEV @ react-dom_client.js?v=cc585fda:997
performUnitOfWork @ react-dom_client.js?v=cc585fda:12561
workLoopSync @ react-dom_client.js?v=cc585fda:12424
renderRootSync @ react-dom_client.js?v=cc585fda:12408
performWorkOnRoot @ react-dom_client.js?v=cc585fda:11766
performWorkOnRootViaSchedulerTask @ react-dom_client.js?v=cc585fda:13505
performWorkUntilDeadline @ react-dom_client.js?v=cc585fda:36
<App>
exports.jsxDEV @ react_jsx-dev-runtime.js?v=898614bf:247
(anonymous) @ main.tsx:5
App.tsx:53 ⚠️ React Router Future Flag Warning: Relative route resolution within Splat routes is changing in v7. You can use the `v7_relativeSplatPath` future flag to opt-in early. For more information, see https://reactrouter.com/v6/upgrading/future#v7_relativesplatpath.
warnOnce @ react-router-dom.js?v=4a8ad9c7:4393
logDeprecation @ react-router-dom.js?v=4a8ad9c7:4396
logV6DeprecationWarnings @ react-router-dom.js?v=4a8ad9c7:4402
(anonymous) @ react-router-dom.js?v=4a8ad9c7:5271
react_stack_bottom_frame @ react-dom_client.js?v=cc585fda:18567
runWithFiberInDEV @ react-dom_client.js?v=cc585fda:997
commitHookEffectListMount @ react-dom_client.js?v=cc585fda:9411
commitHookPassiveMountEffects @ react-dom_client.js?v=cc585fda:9465
commitPassiveMountOnFiber @ react-dom_client.js?v=cc585fda:11040
recursivelyTraversePassiveMountEffects @ react-dom_client.js?v=cc585fda:11010
commitPassiveMountOnFiber @ react-dom_client.js?v=cc585fda:11201
recursivelyTraversePassiveMountEffects @ react-dom_client.js?v=cc585fda:11010
commitPassiveMountOnFiber @ react-dom_client.js?v=cc585fda:11033
recursivelyTraversePassiveMountEffects @ react-dom_client.js?v=cc585fda:11010
commitPassiveMountOnFiber @ react-dom_client.js?v=cc585fda:11033
recursivelyTraversePassiveMountEffects @ react-dom_client.js?v=cc585fda:11010
commitPassiveMountOnFiber @ react-dom_client.js?v=cc585fda:11201
recursivelyTraversePassiveMountEffects @ react-dom_client.js?v=cc585fda:11010
commitPassiveMountOnFiber @ react-dom_client.js?v=cc585fda:11033
recursivelyTraversePassiveMountEffects @ react-dom_client.js?v=cc585fda:11010
commitPassiveMountOnFiber @ react-dom_client.js?v=cc585fda:11201
recursivelyTraversePassiveMountEffects @ react-dom_client.js?v=cc585fda:11010
commitPassiveMountOnFiber @ react-dom_client.js?v=cc585fda:11033
recursivelyTraversePassiveMountEffects @ react-dom_client.js?v=cc585fda:11010
commitPassiveMountOnFiber @ react-dom_client.js?v=cc585fda:11033
recursivelyTraversePassiveMountEffects @ react-dom_client.js?v=cc585fda:11010
commitPassiveMountOnFiber @ react-dom_client.js?v=cc585fda:11033
recursivelyTraversePassiveMountEffects @ react-dom_client.js?v=cc585fda:11010
commitPassiveMountOnFiber @ react-dom_client.js?v=cc585fda:11066
flushPassiveEffects @ react-dom_client.js?v=cc585fda:13150
flushPendingEffects @ react-dom_client.js?v=cc585fda:13088
performSyncWorkOnRoot @ react-dom_client.js?v=cc585fda:13514
flushSyncWorkAcrossRoots_impl @ react-dom_client.js?v=cc585fda:13414
flushSpawnedWork @ react-dom_client.js?v=cc585fda:13067
commitRoot @ react-dom_client.js?v=cc585fda:12804
commitRootWhenReady @ react-dom_client.js?v=cc585fda:12016
performWorkOnRoot @ react-dom_client.js?v=cc585fda:11950
performWorkOnRootViaSchedulerTask @ react-dom_client.js?v=cc585fda:13505
performWorkUntilDeadline @ react-dom_client.js?v=cc585fda:36
<BrowserRouter>
exports.jsxDEV @ react_jsx-dev-runtime.js?v=898614bf:247
(anonymous) @ App.tsx:53
react_stack_bottom_frame @ react-dom_client.js?v=cc585fda:18509
renderWithHooks @ react-dom_client.js?v=cc585fda:5654
updateFunctionComponent @ react-dom_client.js?v=cc585fda:7475
beginWork @ react-dom_client.js?v=cc585fda:8525
runWithFiberInDEV @ react-dom_client.js?v=cc585fda:997
performUnitOfWork @ react-dom_client.js?v=cc585fda:12561
workLoopSync @ react-dom_client.js?v=cc585fda:12424
renderRootSync @ react-dom_client.js?v=cc585fda:12408
performWorkOnRoot @ react-dom_client.js?v=cc585fda:11766
performWorkOnRootViaSchedulerTask @ react-dom_client.js?v=cc585fda:13505
performWorkUntilDeadline @ react-dom_client.js?v=cc585fda:36
<App>
exports.jsxDEV @ react_jsx-dev-runtime.js?v=898614bf:247
(anonymous) @ main.tsx:5
VM487:2 Uncaught TypeError: Cannot read properties of undefined (reading 'startTime')
    at et.reportAllChanges (<anonymous>:2:19429)
    at <anonymous>:2:13070
    at <anonymous>:2:331
    at d (<anonymous>:2:6141)
    at <anonymous>:2:6326
    at <anonymous>:2:2895
    at n.timeout (<anonymous>:2:5652)
et.reportAllChanges @ VM487:2
(anonymous) @ VM487:2
(anonymous) @ VM487:2
d @ VM487:2
(anonymous) @ VM487:2
(anonymous) @ VM487:2
n.timeout @ VM487:2
requestIdleCallback
x @ VM487:2
g @ VM487:2
(anonymous) @ VM487:2
requests.js:1  POST https://oiurjnmpkguyxevdbpbu.supabase.co/rest/v1/rpc/register_user_session 404 (Not Found)
(anonymous) @ requests.js:1
(anonymous) @ 200.js:1
(anonymous) @ @supabase_supabase-js.js?v=0a50d6a8:6182
(anonymous) @ @supabase_supabase-js.js?v=0a50d6a8:6203
await in (anonymous)
then @ @supabase_supabase-js.js?v=0a50d6a8:615
sessions.ts:45 [sessions] register_user_session failed: Could not find the function public.register_user_session(p_device_label, p_expires_at, p_refresh_token_hash, p_user_agent) in the schema cache
(anonymous) @ sessions.ts:45
await in (anonymous)
(anonymous) @ AppBootstrap.tsx:21
react_stack_bottom_frame @ react-dom_client.js?v=cc585fda:18567
runWithFiberInDEV @ react-dom_client.js?v=cc585fda:997
commitHookEffectListMount @ react-dom_client.js?v=cc585fda:9411
commitHookPassiveMountEffects @ react-dom_client.js?v=cc585fda:9465
commitPassiveMountOnFiber @ react-dom_client.js?v=cc585fda:11040
recursivelyTraversePassiveMountEffects @ react-dom_client.js?v=cc585fda:11010
commitPassiveMountOnFiber @ react-dom_client.js?v=cc585fda:11201
recursivelyTraversePassiveMountEffects @ react-dom_client.js?v=cc585fda:11010
commitPassiveMountOnFiber @ react-dom_client.js?v=cc585fda:11201
recursivelyTraversePassiveMountEffects @ react-dom_client.js?v=cc585fda:11010
commitPassiveMountOnFiber @ react-dom_client.js?v=cc585fda:11033
recursivelyTraversePassiveMountEffects @ react-dom_client.js?v=cc585fda:11010
commitPassiveMountOnFiber @ react-dom_client.js?v=cc585fda:11033
recursivelyTraversePassiveMountEffects @ react-dom_client.js?v=cc585fda:11010
commitPassiveMountOnFiber @ react-dom_client.js?v=cc585fda:11201
recursivelyTraversePassiveMountEffects @ react-dom_client.js?v=cc585fda:11010
commitPassiveMountOnFiber @ react-dom_client.js?v=cc585fda:11033
recursivelyTraversePassiveMountEffects @ react-dom_client.js?v=cc585fda:11010
commitPassiveMountOnFiber @ react-dom_client.js?v=cc585fda:11033
recursivelyTraversePassiveMountEffects @ react-dom_client.js?v=cc585fda:11010
commitPassiveMountOnFiber @ react-dom_client.js?v=cc585fda:11201
recursivelyTraversePassiveMountEffects @ react-dom_client.js?v=cc585fda:11010
commitPassiveMountOnFiber @ react-dom_client.js?v=cc585fda:11033
recursivelyTraversePassiveMountEffects @ react-dom_client.js?v=cc585fda:11010
commitPassiveMountOnFiber @ react-dom_client.js?v=cc585fda:11201
recursivelyTraversePassiveMountEffects @ react-dom_client.js?v=cc585fda:11010
commitPassiveMountOnFiber @ react-dom_client.js?v=cc585fda:11033
recursivelyTraversePassiveMountEffects @ react-dom_client.js?v=cc585fda:11010
commitPassiveMountOnFiber @ react-dom_client.js?v=cc585fda:11033
recursivelyTraversePassiveMountEffects @ react-dom_client.js?v=cc585fda:11010
commitPassiveMountOnFiber @ react-dom_client.js?v=cc585fda:11033
recursivelyTraversePassiveMountEffects @ react-dom_client.js?v=cc585fda:11010
commitPassiveMountOnFiber @ react-dom_client.js?v=cc585fda:11066
flushPassiveEffects @ react-dom_client.js?v=cc585fda:13150
(anonymous) @ react-dom_client.js?v=cc585fda:12776
performWorkUntilDeadline @ react-dom_client.js?v=cc585fda:36
<AppBootstrap>
exports.jsxDEV @ react_jsx-dev-runtime.js?v=898614bf:247
(anonymous) @ App.tsx:54
react_stack_bottom_frame @ react-dom_client.js?v=cc585fda:18509
renderWithHooks @ react-dom_client.js?v=cc585fda:5654
updateFunctionComponent @ react-dom_client.js?v=cc585fda:7475
beginWork @ react-dom_client.js?v=cc585fda:8525
runWithFiberInDEV @ react-dom_client.js?v=cc585fda:997
performUnitOfWork @ react-dom_client.js?v=cc585fda:12561
workLoopSync @ react-dom_client.js?v=cc585fda:12424
renderRootSync @ react-dom_client.js?v=cc585fda:12408
performWorkOnRoot @ react-dom_client.js?v=cc585fda:11766
performWorkOnRootViaSchedulerTask @ react-dom_client.js?v=cc585fda:13505
performWorkUntilDeadline @ react-dom_client.js?v=cc585fda:36
<App>
exports.jsxDEV @ react_jsx-dev-runtime.js?v=898614bf:247
(anonymous) @ main.tsx:5
requests.js:1  GET https://oiurjnmpkguyxevdbpbu.supabase.co/rest/v1/profiles?select=id%2Cfull_name%2Cstudent_id%2Cdepartment%2Cclass_id%2Cuser_roles%28role%29&id=eq.d69d18ec-1817-4a44-aacd-5efb8e55ef85 400 (Bad Request)
(anonymous) @ requests.js:1
(anonymous) @ 200.js:1
(anonymous) @ @supabase_supabase-js.js?v=0a50d6a8:6182
(anonymous) @ @supabase_supabase-js.js?v=0a50d6a8:6203
await in (anonymous)
then @ @supabase_supabase-js.js?v=0a50d6a8:615
requests.js:1  POST https://oiurjnmpkguyxevdbpbu.supabase.co/rest/v1/rpc/register_user_session 404 (Not Found)
(anonymous) @ requests.js:1
(anonymous) @ 200.js:1
(anonymous) @ @supabase_supabase-js.js?v=0a50d6a8:6182
(anonymous) @ @supabase_supabase-js.js?v=0a50d6a8:6203
await in (anonymous)
then @ @supabase_supabase-js.js?v=0a50d6a8:615
sessions.ts:45 [sessions] register_user_session failed: Could not find the function public.register_user_session(p_device_label, p_expires_at, p_refresh_token_hash, p_user_agent) in the schema cache
(anonymous) @ sessions.ts:45
await in (anonymous)
(anonymous) @ Login.tsx:75
await in (anonymous)
executeDispatch @ react-dom_client.js?v=cc585fda:13622
runWithFiberInDEV @ react-dom_client.js?v=cc585fda:997
processDispatchQueue @ react-dom_client.js?v=cc585fda:13658
(anonymous) @ react-dom_client.js?v=cc585fda:14071
batchedUpdates$1 @ react-dom_client.js?v=cc585fda:2626
dispatchEventForPluginEventSystem @ react-dom_client.js?v=cc585fda:13763
dispatchEvent @ react-dom_client.js?v=cc585fda:16784
dispatchDiscreteEvent @ react-dom_client.js?v=cc585fda:16765
<form>
exports.jsxDEV @ react_jsx-dev-runtime.js?v=898614bf:247
(anonymous) @ Login.tsx:136
react_stack_bottom_frame @ react-dom_client.js?v=cc585fda:18509
renderWithHooks @ react-dom_client.js?v=cc585fda:5654
updateFunctionComponent @ react-dom_client.js?v=cc585fda:7475
beginWork @ react-dom_client.js?v=cc585fda:8525
runWithFiberInDEV @ react-dom_client.js?v=cc585fda:997
performUnitOfWork @ react-dom_client.js?v=cc585fda:12561
workLoopSync @ react-dom_client.js?v=cc585fda:12424
renderRootSync @ react-dom_client.js?v=cc585fda:12408
performWorkOnRoot @ react-dom_client.js?v=cc585fda:11766
performSyncWorkOnRoot @ react-dom_client.js?v=cc585fda:13517
flushSyncWorkAcrossRoots_impl @ react-dom_client.js?v=cc585fda:13414
processRootScheduleInMicrotask @ react-dom_client.js?v=cc585fda:13437
(anonymous) @ react-dom_client.js?v=cc585fda:13531
requests.js:1  POST https://oiurjnmpkguyxevdbpbu.supabase.co/rest/v1/rpc/log_audit_event 404 (Not Found)
(anonymous) @ requests.js:1
(anonymous) @ 200.js:1
(anonymous) @ @supabase_supabase-js.js?v=0a50d6a8:6182
(anonymous) @ @supabase_supabase-js.js?v=0a50d6a8:6203
await in (anonymous)
then @ @supabase_supabase-js.js?v=0a50d6a8:615
audit.ts:40 [audit] failed: Could not find the function public.log_audit_event(p_action, p_category, p_description, p_metadata, p_severity, p_target_id, p_target_type) in the schema cache
(anonymous) @ audit.ts:40
await in (anonymous)
(anonymous) @ Login.tsx:78
await in (anonymous)
executeDispatch @ react-dom_client.js?v=cc585fda:13622
runWithFiberInDEV @ react-dom_client.js?v=cc585fda:997
processDispatchQueue @ react-dom_client.js?v=cc585fda:13658
(anonymous) @ react-dom_client.js?v=cc585fda:14071
batchedUpdates$1 @ react-dom_client.js?v=cc585fda:2626
dispatchEventForPluginEventSystem @ react-dom_client.js?v=cc585fda:13763
dispatchEvent @ react-dom_client.js?v=cc585fda:16784
dispatchDiscreteEvent @ react-dom_client.js?v=cc585fda:16765
<form>
exports.jsxDEV @ react_jsx-dev-runtime.js?v=898614bf:247
(anonymous) @ Login.tsx:136
react_stack_bottom_frame @ react-dom_client.js?v=cc585fda:18509
renderWithHooks @ react-dom_client.js?v=cc585fda:5654
updateFunctionComponent @ react-dom_client.js?v=cc585fda:7475
beginWork @ react-dom_client.js?v=cc585fda:8525
runWithFiberInDEV @ react-dom_client.js?v=cc585fda:997
performUnitOfWork @ react-dom_client.js?v=cc585fda:12561
workLoopSync @ react-dom_client.js?v=cc585fda:12424
renderRootSync @ react-dom_client.js?v=cc585fda:12408
performWorkOnRoot @ react-dom_client.js?v=cc585fda:11766
performSyncWorkOnRoot @ react-dom_client.js?v=cc585fda:13517
flushSyncWorkAcrossRoots_impl @ react-dom_client.js?v=cc585fda:13414
processRootScheduleInMicrotask @ react-dom_client.js?v=cc585fda:13437
(anonymous) @ react-dom_client.js?v=cc585fda:13531
requests.js:1  GET https://oiurjnmpkguyxevdbpbu.supabase.co/rest/v1/profiles?select=id%2Cfull_name%2Cstudent_id%2Cdepartment%2Cclass_id%2Cuser_roles%28role%29&id=eq.d69d18ec-1817-4a44-aacd-5efb8e55ef85 400 (Bad Request)
(anonymous) @ requests.js:1
(anonymous) @ 200.js:1
(anonymous) @ @supabase_supabase-js.js?v=0a50d6a8:6182
(anonymous) @ @supabase_supabase-js.js?v=0a50d6a8:6203
await in (anonymous)
then @ @supabase_supabase-js.js?v=0a50d6a8:615
requests.js:1  GET https://oiurjnmpkguyxevdbpbu.supabase.co/rest/v1/profiles?select=id%2Cfull_name%2Cstudent_id%2Cdepartment%2Cclass_id%2Cuser_roles%28role%29&id=eq.d69d18ec-1817-4a44-aacd-5efb8e55ef85 400 (Bad Request)
(anonymous) @ requests.js:1
(anonymous) @ 200.js:1
(anonymous) @ @supabase_supabase-js.js?v=0a50d6a8:6182
(anonymous) @ @supabase_supabase-js.js?v=0a50d6a8:6203
await in (anonymous)
then @ @supabase_supabase-js.js?v=0a50d6a8:615
requests.js:1  GET https://oiurjnmpkguyxevdbpbu.supabase.co/rest/v1/profiles?select=id%2Cfull_name%2Cstudent_id%2Cdepartment%2Cclass_id%2Cuser_roles%28role%29&id=eq.d69d18ec-1817-4a44-aacd-5efb8e55ef85 400 (Bad Request)
(anonymous) @ requests.js:1
(anonymous) @ 200.js:1
(anonymous) @ @supabase_supabase-js.js?v=0a50d6a8:6182
(anonymous) @ @supabase_supabase-js.js?v=0a50d6a8:6203
await in (anonymous)
then @ @supabase_supabase-js.js?v=0a50d6a8:615
requests.js:1  GET https://oiurjnmpkguyxevdbpbu.supabase.co/rest/v1/profiles?select=id%2Cfull_name%2Cstudent_id%2Cdepartment%2Cclass_id%2Cuser_roles%28role%29&id=eq.d69d18ec-1817-4a44-aacd-5efb8e55ef85 400 (Bad Request)
(anonymous) @ requests.js:1
(anonymous) @ 200.js:1
(anonymous) @ @supabase_supabase-js.js?v=0a50d6a8:6182
(anonymous) @ @supabase_supabase-js.js?v=0a50d6a8:6203
await in (anonymous)
then @ @supabase_supabase-js.js?v=0a50d6a8:615
requests.js:1  GET https://oiurjnmpkguyxevdbpbu.supabase.co/rest/v1/profiles?select=id%2Cfull_name%2Cstudent_id%2Cdepartment%2Cclass_id%2Cuser_roles%28role%29&id=eq.d69d18ec-1817-4a44-aacd-5efb8e55ef85 400 (Bad Request)
(anonymous) @ requests.js:1
(anonymous) @ 200.js:1
(anonymous) @ @supabase_supabase-js.js?v=0a50d6a8:6182
(anonymous) @ @supabase_supabase-js.js?v=0a50d6a8:6203
await in (anonymous)
then @ @supabase_supabase-js.js?v=0a50d6a8:615
requests.js:1  GET https://oiurjnmpkguyxevdbpbu.supabase.co/rest/v1/profiles?select=id%2Cfull_name%2Cstudent_id%2Cdepartment%2Cclass_id%2Cuser_roles%28role%29&id=eq.d69d18ec-1817-4a44-aacd-5efb8e55ef85 400 (Bad Request)
(anonymous) @ requests.js:1
(anonymous) @ 200.js:1
(anonymous) @ @supabase_supabase-js.js?v=0a50d6a8:6182
(anonymous) @ @supabase_supabase-js.js?v=0a50d6a8:6203
await in (anonymous)
then @ @supabase_supabase-js.js?v=0a50d6a8:615
requests.js:1  GET https://oiurjnmpkguyxevdbpbu.supabase.co/rest/v1/profiles?select=id%2Cfull_name%2Cstudent_id%2Cdepartment%2Cclass_id%2Cuser_roles%28role%29&id=eq.d69d18ec-1817-4a44-aacd-5efb8e55ef85 400 (Bad Request)
(anonymous) @ requests.js:1
(anonymous) @ 200.js:1
(anonymous) @ @supabase_supabase-js.js?v=0a50d6a8:6182
(anonymous) @ @supabase_supabase-js.js?v=0a50d6a8:6203
await in (anonymous)
then @ @supabase_supabase-js.js?v=0a50d6a8:615
requests.js:1  GET https://oiurjnmpkguyxevdbpbu.supabase.co/rest/v1/profiles?select=id%2Cfull_name%2Cstudent_id%2Cdepartment%2Cclass_id%2Cuser_roles%28role%29&id=eq.d69d18ec-1817-4a44-aacd-5efb8e55ef85 400 (Bad Request)
(anonymous) @ requests.js:1
(anonymous) @ 200.js:1
(anonymous) @ @supabase_supabase-js.js?v=0a50d6a8:6182
(anonymous) @ @supabase_supabase-js.js?v=0a50d6a8:6203
await in (anonymous)
then @ @supabase_supabase-js.js?v=0a50d6a8:615
requests.js:1  GET https://oiurjnmpkguyxevdbpbu.supabase.co/rest/v1/profiles?select=id%2Cfull_name%2Cstudent_id%2Cdepartment%2Cclass_id%2Cuser_roles%28role%29&id=eq.d69d18ec-1817-4a44-aacd-5efb8e55ef85 400 (Bad Request)
(anonymous) @ requests.js:1
(anonymous) @ 200.js:1
(anonymous) @ @supabase_supabase-js.js?v=0a50d6a8:6182
(anonymous) @ @supabase_supabase-js.js?v=0a50d6a8:6203
await in (anonymous)
then @ @supabase_supabase-js.js?v=0a50d6a8:615
requests.js:1  GET https://oiurjnmpkguyxevdbpbu.supabase.co/rest/v1/profiles?select=id%2Cfull_name%2Cstudent_id%2Cdepartment%2Cclass_id%2Cuser_roles%28role%29&id=eq.d69d18ec-1817-4a44-aacd-5efb8e55ef85 400 (Bad Request)
(anonymous) @ requests.js:1
(anonymous) @ 200.js:1
(anonymous) @ @supabase_supabase-js.js?v=0a50d6a8:6182
(anonymous) @ @supabase_supabase-js.js?v=0a50d6a8:6203
await in (anonymous)
then @ @supabase_supabase-js.js?v=0a50d6a8:615
requests.js:1  GET https://oiurjnmpkguyxevdbpbu.supabase.co/rest/v1/profiles?select=id%2Cfull_name%2Cstudent_id%2Cdepartment%2Cclass_id%2Cuser_roles%28role%29&id=eq.d69d18ec-1817-4a44-aacd-5efb8e55ef85 400 (Bad Request)
(anonymous) @ requests.js:1
(anonymous) @ 200.js:1
(anonymous) @ @supabase_supabase-js.js?v=0a50d6a8:6182
(anonymous) @ @supabase_supabase-js.js?v=0a50d6a8:6203
await in (anonymous)
then @ @supabase_supabase-js.js?v=0a50d6a8:615
requests.js:1  GET https://oiurjnmpkguyxevdbpbu.supabase.co/rest/v1/profiles?select=id%2Cfull_name%2Cstudent_id%2Cdepartment%2Cclass_id%2Cuser_roles%28role%29&id=eq.d69d18ec-1817-4a44-aacd-5efb8e55ef85 400 (Bad Request)
(anonymous) @ requests.js:1
(anonymous) @ 200.js:1
(anonymous) @ @supabase_supabase-js.js?v=0a50d6a8:6182
(anonymous) @ @supabase_supabase-js.js?v=0a50d6a8:6203
await in (anonymous)
then @ @supabase_supabase-js.js?v=0a50d6a8:615
requests.js:1  GET https://oiurjnmpkguyxevdbpbu.supabase.co/rest/v1/profiles?select=id%2Cfull_name%2Cstudent_id%2Cdepartment%2Cclass_id%2Cuser_roles%28role%29&id=eq.d69d18ec-1817-4a44-aacd-5efb8e55ef85 400 (Bad Request)
(anonymous) @ requests.js:1
(anonymous) @ 200.js:1
(anonymous) @ @supabase_supabase-js.js?v=0a50d6a8:6182
(anonymous) @ @supabase_supabase-js.js?v=0a50d6a8:6203
await in (anonymous)
then @ @supabase_supabase-js.js?v=0a50d6a8:615
requests.js:1  GET https://oiurjnmpkguyxevdbpbu.supabase.co/rest/v1/profiles?select=id%2Cfull_name%2Cstudent_id%2Cdepartment%2Cclass_id%2Cuser_roles%28role%29&id=eq.d69d18ec-1817-4a44-aacd-5efb8e55ef85 400 (Bad Request)
(anonymous) @ requests.js:1
(anonymous) @ 200.js:1
(anonymous) @ @supabase_supabase-js.js?v=0a50d6a8:6182
(anonymous) @ @supabase_supabase-js.js?v=0a50d6a8:6203
await in (anonymous)
then @ @supabase_supabase-js.js?v=0a50d6a8:615
requests.js:1  GET https://oiurjnmpkguyxevdbpbu.supabase.co/rest/v1/profiles?select=id%2Cfull_name%2Cstudent_id%2Cdepartment%2Cclass_id%2Cuser_roles%28role%29&id=eq.d69d18ec-1817-4a44-aacd-5efb8e55ef85 400 (Bad Request)
(anonymous) @ requests.js:1
(anonymous) @ 200.js:1
(anonymous) @ @supabase_supabase-js.js?v=0a50d6a8:6182
(anonymous) @ @supabase_supabase-js.js?v=0a50d6a8:6203
await in (anonymous)
then @ @supabase_supabase-js.js?v=0a50d6a8:615
requests.js:1  GET https://oiurjnmpkguyxevdbpbu.supabase.co/rest/v1/profiles?select=id%2Cfull_name%2Cstudent_id%2Cdepartment%2Cclass_id%2Cuser_roles%28role%29&id=eq.d69d18ec-1817-4a44-aacd-5efb8e55ef85 400 (Bad Request)
(anonymous) @ requests.js:1
(anonymous) @ 200.js:1
(anonymous) @ @supabase_supabase-js.js?v=0a50d6a8:6182
(anonymous) @ @supabase_supabase-js.js?v=0a50d6a8:6203
await in (anonymous)
then @ @supabase_supabase-js.js?v=0a50d6a8:615
requests.js:1  GET https://oiurjnmpkguyxevdbpbu.supabase.co/rest/v1/profiles?select=id%2Cfull_name%2Cstudent_id%2Cdepartment%2Cclass_id%2Cuser_roles%28role%29&id=eq.d69d18ec-1817-4a44-aacd-5efb8e55ef85 400 (Bad Request)
(anonymous) @ requests.js:1
(anonymous) @ 200.js:1
(anonymous) @ @supabase_supabase-js.js?v=0a50d6a8:6182
(anonymous) @ @supabase_supabase-js.js?v=0a50d6a8:6203
await in (anonymous)
then @ @supabase_supabase-js.js?v=0a50d6a8:615
requests.js:1  GET https://oiurjnmpkguyxevdbpbu.supabase.co/rest/v1/profiles?select=id%2Cfull_name%2Cstudent_id%2Cdepartment%2Cclass_id%2Cuser_roles%28role%29&id=eq.d69d18ec-1817-4a44-aacd-5efb8e55ef85 400 (Bad Request)
(anonymous) @ requests.js:1
(anonymous) @ 200.js:1
(anonymous) @ @supabase_supabase-js.js?v=0a50d6a8:6182
(anonymous) @ @supabase_supabase-js.js?v=0a50d6a8:6203
await in (anonymous)
then @ @supabase_supabase-js.js?v=0a50d6a8:615
requests.js:1  GET https://oiurjnmpkguyxevdbpbu.supabase.co/rest/v1/profiles?select=id%2Cfull_name%2Cstudent_id%2Cdepartment%2Cclass_id%2Cuser_roles%28role%29&id=eq.d69d18ec-1817-4a44-aacd-5efb8e55ef85 400 (Bad Request)
(anonymous) @ requests.js:1
(anonymous) @ 200.js:1
(anonymous) @ @supabase_supabase-js.js?v=0a50d6a8:6182
(anonymous) @ @supabase_supabase-js.js?v=0a50d6a8:6203
await in (anonymous)
then @ @supabase_supabase-js.js?v=0a50d6a8:615
requests.js:1  GET https://oiurjnmpkguyxevdbpbu.supabase.co/rest/v1/profiles?select=id%2Cfull_name%2Cstudent_id%2Cdepartment%2Cclass_id%2Cuser_roles%28role%29&id=eq.d69d18ec-1817-4a44-aacd-5efb8e55ef85 400 (Bad Request)
(anonymous) @ requests.js:1
(anonymous) @ 200.js:1
(anonymous) @ @supabase_supabase-js.js?v=0a50d6a8:6182
(anonymous) @ @supabase_supabase-js.js?v=0a50d6a8:6203
await in (anonymous)
then @ @supabase_supabase-js.js?v=0a50d6a8:615
requests.js:1  GET https://oiurjnmpkguyxevdbpbu.supabase.co/rest/v1/profiles?select=id%2Cfull_name%2Cstudent_id%2Cdepartment%2Cclass_id%2Cuser_roles%28role%29&id=eq.d69d18ec-1817-4a44-aacd-5efb8e55ef85 400 (Bad Request)
(anonymous) @ requests.js:1
(anonymous) @ 200.js:1
(anonymous) @ @supabase_supabase-js.js?v=0a50d6a8:6182
(anonymous) @ @supabase_supabase-js.js?v=0a50d6a8:6203
await in (anonymous)
then @ @supabase_supabase-js.js?v=0a50d6a8:615
requests.js:1  GET https://oiurjnmpkguyxevdbpbu.supabase.co/rest/v1/profiles?select=id%2Cfull_name%2Cstudent_id%2Cdepartment%2Cclass_id%2Cuser_roles%28role%29&id=eq.d69d18ec-1817-4a44-aacd-5efb8e55ef85 400 (Bad Request)
(anonymous) @ requests.js:1
(anonymous) @ 200.js:1
(anonymous) @ @supabase_supabase-js.js?v=0a50d6a8:6182
(anonymous) @ @supabase_supabase-js.js?v=0a50d6a8:6203
await in (anonymous)
then @ @supabase_supabase-js.js?v=0a50d6a8:615
requests.js:1  GET https://oiurjnmpkguyxevdbpbu.supabase.co/rest/v1/profiles?select=id%2Cfull_name%2Cstudent_id%2Cdepartment%2Cclass_id%2Cuser_roles%28role%29&id=eq.d69d18ec-1817-4a44-aacd-5efb8e55ef85 400 (Bad Request)
(anonymous) @ requests.js:1
(anonymous) @ 200.js:1
(anonymous) @ @supabase_supabase-js.js?v=0a50d6a8:6182
(anonymous) @ @supabase_supabase-js.js?v=0a50d6a8:6203
await in (anonymous)
then @ @supabase_supabase-js.js?v=0a50d6a8:615
requests.js:1  GET https://oiurjnmpkguyxevdbpbu.supabase.co/rest/v1/profiles?select=id%2Cfull_name%2Cstudent_id%2Cdepartment%2Cclass_id%2Cuser_roles%28role%29&id=eq.d69d18ec-1817-4a44-aacd-5efb8e55ef85 400 (Bad Request)
(anonymous) @ requests.js:1
(anonymous) @ 200.js:1
(anonymous) @ @supabase_supabase-js.js?v=0a50d6a8:6182
(anonymous) @ @supabase_supabase-js.js?v=0a50d6a8:6203
await in (anonymous)
then @ @supabase_supabase-js.js?v=0a50d6a8:615
requests.js:1  GET https://oiurjnmpkguyxevdbpbu.supabase.co/rest/v1/profiles?select=id%2Cfull_name%2Cstudent_id%2Cdepartment%2Cclass_id%2Cuser_roles%28role%29&id=eq.d69d18ec-1817-4a44-aacd-5efb8e55ef85 400 (Bad Request)
(anonymous) @ requests.js:1
(anonymous) @ 200.js:1
(anonymous) @ @supabase_supabase-js.js?v=0a50d6a8:6182
(anonymous) @ @supabase_supabase-js.js?v=0a50d6a8:6203
await in (anonymous)
then @ @supabase_supabase-js.js?v=0a50d6a8:615
requests.js:1  GET https://oiurjnmpkguyxevdbpbu.supabase.co/rest/v1/profiles?select=id%2Cfull_name%2Cstudent_id%2Cdepartment%2Cclass_id%2Cuser_roles%28role%29&id=eq.d69d18ec-1817-4a44-aacd-5efb8e55ef85 400 (Bad Request)
(anonymous) @ requests.js:1
(anonymous) @ 200.js:1
(anonymous) @ @supabase_supabase-js.js?v=0a50d6a8:6182
(anonymous) @ @supabase_supabase-js.js?v=0a50d6a8:6203
await in (anonymous)
then @ @supabase_supabase-js.js?v=0a50d6a8:615
requests.js:1  GET https://oiurjnmpkguyxevdbpbu.supabase.co/rest/v1/profiles?select=id%2Cfull_name%2Cstudent_id%2Cdepartment%2Cclass_id%2Cuser_roles%28role%29&id=eq.d69d18ec-1817-4a44-aacd-5efb8e55ef85 400 (Bad Request)
(anonymous) @ requests.js:1
(anonymous) @ 200.js:1
(anonymous) @ @supabase_supabase-js.js?v=0a50d6a8:6182
(anonymous) @ @supabase_supabase-js.js?v=0a50d6a8:6203
await in (anonymous)
then @ @supabase_supabase-js.js?v=0a50d6a8:615
requests.js:1  GET https://oiurjnmpkguyxevdbpbu.supabase.co/rest/v1/profiles?select=id%2Cfull_name%2Cstudent_id%2Cdepartment%2Cclass_id%2Cuser_roles%28role%29&id=eq.d69d18ec-1817-4a44-aacd-5efb8e55ef85 400 (Bad Request)
(anonymous) @ requests.js:1
(anonymous) @ 200.js:1
(anonymous) @ @supabase_supabase-js.js?v=0a50d6a8:6182
(anonymous) @ @supabase_supabase-js.js?v=0a50d6a8:6203
await in (anonymous)
then @ @supabase_supabase-js.js?v=0a50d6a8:615
requests.js:1  GET https://oiurjnmpkguyxevdbpbu.supabase.co/rest/v1/profiles?select=id%2Cfull_name%2Cstudent_id%2Cdepartment%2Cclass_id%2Cuser_roles%28role%29&id=eq.d69d18ec-1817-4a44-aacd-5efb8e55ef85 400 (Bad Request)
(anonymous) @ requests.js:1
(anonymous) @ 200.js:1
(anonymous) @ @supabase_supabase-js.js?v=0a50d6a8:6182
(anonymous) @ @supabase_supabase-js.js?v=0a50d6a8:6203
await in (anonymous)
then @ @supabase_supabase-js.js?v=0a50d6a8:615
requests.js:1  GET https://oiurjnmpkguyxevdbpbu.supabase.co/rest/v1/profiles?select=id%2Cfull_name%2Cstudent_id%2Cdepartment%2Cclass_id%2Cuser_roles%28role%29&id=eq.d69d18ec-1817-4a44-aacd-5efb8e55ef85 400 (Bad Request)
(anonymous) @ requests.js:1
(anonymous) @ 200.js:1
(anonymous) @ @supabase_supabase-js.js?v=0a50d6a8:6182
(anonymous) @ @supabase_supabase-js.js?v=0a50d6a8:6203
await in (anonymous)
then @ @supabase_supabase-js.js?v=0a50d6a8:615
requests.js:1  GET https://oiurjnmpkguyxevdbpbu.supabase.co/rest/v1/profiles?select=id%2Cfull_name%2Cstudent_id%2Cdepartment%2Cclass_id%2Cuser_roles%28role%29&id=eq.d69d18ec-1817-4a44-aacd-5efb8e55ef85 400 (Bad Request)
(anonymous) @ requests.js:1
(anonymous) @ 200.js:1
(anonymous) @ @supabase_supabase-js.js?v=0a50d6a8:6182
(anonymous) @ @supabase_supabase-js.js?v=0a50d6a8:6203
await in (anonymous)
then @ @supabase_supabase-js.js?v=0a50d6a8:615
requests.js:1  GET https://oiurjnmpkguyxevdbpbu.supabase.co/rest/v1/profiles?select=id%2Cfull_name%2Cstudent_id%2Cdepartment%2Cclass_id%2Cuser_roles%28role%29&id=eq.d69d18ec-1817-4a44-aacd-5efb8e55ef85 400 (Bad Request)
(anonymous) @ requests.js:1
(anonymous) @ 200.js:1
(anonymous) @ @supabase_supabase-js.js?v=0a50d6a8:6182
(anonymous) @ @supabase_supabase-js.js?v=0a50d6a8:6203
await in (anonymous)
then @ @supabase_supabase-js.js?v=0a50d6a8:615
requests.js:1  GET https://oiurjnmpkguyxevdbpbu.supabase.co/rest/v1/profiles?select=id%2Cfull_name%2Cstudent_id%2Cdepartment%2Cclass_id%2Cuser_roles%28role%29&id=eq.d69d18ec-1817-4a44-aacd-5efb8e55ef85 400 (Bad Request)
(anonymous) @ requests.js:1
(anonymous) @ 200.js:1
(anonymous) @ @supabase_supabase-js.js?v=0a50d6a8:6182
(anonymous) @ @supabase_supabase-js.js?v=0a50d6a8:6203
await in (anonymous)
then @ @supabase_supabase-js.js?v=0a50d6a8:615
requests.js:1  GET https://oiurjnmpkguyxevdbpbu.supabase.co/rest/v1/profiles?select=id%2Cfull_name%2Cstudent_id%2Cdepartment%2Cclass_id%2Cuser_roles%28role%29&id=eq.d69d18ec-1817-4a44-aacd-5efb8e55ef85 400 (Bad Request)
(anonymous) @ requests.js:1
(anonymous) @ 200.js:1
(anonymous) @ @supabase_supabase-js.js?v=0a50d6a8:6182
(anonymous) @ @supabase_supabase-js.js?v=0a50d6a8:6203
await in (anonymous)
then @ @supabase_supabase-js.js?v=0a50d6a8:615
requests.js:1  GET https://oiurjnmpkguyxevdbpbu.supabase.co/rest/v1/profiles?select=id%2Cfull_name%2Cstudent_id%2Cdepartment%2Cclass_id%2Cuser_roles%28role%29&id=eq.d69d18ec-1817-4a44-aacd-5efb8e55ef85 400 (Bad Request)
(anonymous) @ requests.js:1
(anonymous) @ 200.js:1
(anonymous) @ @supabase_supabase-js.js?v=0a50d6a8:6182
(anonymous) @ @supabase_supabase-js.js?v=0a50d6a8:6203
await in (anonymous)
then @ @supabase_supabase-js.js?v=0a50d6a8:615
requests.js:1  GET https://oiurjnmpkguyxevdbpbu.supabase.co/rest/v1/profiles?select=id%2Cfull_name%2Cstudent_id%2Cdepartment%2Cclass_id%2Cuser_roles%28role%29&id=eq.d69d18ec-1817-4a44-aacd-5efb8e55ef85 400 (Bad Request)
(anonymous) @ requests.js:1
(anonymous) @ 200.js:1
(anonymous) @ @supabase_supabase-js.js?v=0a50d6a8:6182
(anonymous) @ @supabase_supabase-js.js?v=0a50d6a8:6203
await in (anonymous)
then @ @supabase_supabase-js.js?v=0a50d6a8:615
requests.js:1  GET https://oiurjnmpkguyxevdbpbu.supabase.co/rest/v1/profiles?select=id%2Cfull_name%2Cstudent_id%2Cdepartment%2Cclass_id%2Cuser_roles%28role%29&id=eq.d69d18ec-1817-4a44-aacd-5efb8e55ef85 400 (Bad Request)
(anonymous) @ requests.js:1
(anonymous) @ 200.js:1
(anonymous) @ @supabase_supabase-js.js?v=0a50d6a8:6182
(anonymous) @ @supabase_supabase-js.js?v=0a50d6a8:6203
await in (anonymous)
then @ @supabase_supabase-js.js?v=0a50d6a8:615
requests.js:1  GET https://oiurjnmpkguyxevdbpbu.supabase.co/rest/v1/profiles?select=id%2Cfull_name%2Cstudent_id%2Cdepartment%2Cclass_id%2Cuser_roles%28role%29&id=eq.d69d18ec-1817-4a44-aacd-5efb8e55ef85 400 (Bad Request)
(anonymous) @ requests.js:1
(anonymous) @ 200.js:1
(anonymous) @ @supabase_supabase-js.js?v=0a50d6a8:6182
(anonymous) @ @supabase_supabase-js.js?v=0a50d6a8:6203
await in (anonymous)
then @ @supabase_supabase-js.js?v=0a50d6a8:615
requests.js:1  GET https://oiurjnmpkguyxevdbpbu.supabase.co/rest/v1/profiles?select=id%2Cfull_name%2Cstudent_id%2Cdepartment%2Cclass_id%2Cuser_roles%28role%29&id=eq.d69d18ec-1817-4a44-aacd-5efb8e55ef85 400 (Bad Request)
(anonymous) @ requests.js:1
(anonymous) @ 200.js:1
(anonymous) @ @supabase_supabase-js.js?v=0a50d6a8:6182
(anonymous) @ @supabase_supabase-js.js?v=0a50d6a8:6203
await in (anonymous)
then @ @supabase_supabase-js.js?v=0a50d6a8:615
requests.js:1  GET https://oiurjnmpkguyxevdbpbu.supabase.co/rest/v1/profiles?select=id%2Cfull_name%2Cstudent_id%2Cdepartment%2Cclass_id%2Cuser_roles%28role%29&id=eq.d69d18ec-1817-4a44-aacd-5efb8e55ef85 400 (Bad Request)
(anonymous) @ requests.js:1
(anonymous) @ 200.js:1
(anonymous) @ @supabase_supabase-js.js?v=0a50d6a8:6182
(anonymous) @ @supabase_supabase-js.js?v=0a50d6a8:6203
await in (anonymous)
then @ @supabase_supabase-js.js?v=0a50d6a8:615
requests.js:1  GET https://oiurjnmpkguyxevdbpbu.supabase.co/rest/v1/profiles?select=id%2Cfull_name%2Cstudent_id%2Cdepartment%2Cclass_id%2Cuser_roles%28role%29&id=eq.d69d18ec-1817-4a44-aacd-5efb8e55ef85 400 (Bad Request)
(anonymous) @ requests.js:1
(anonymous) @ 200.js:1
(anonymous) @ @supabase_supabase-js.js?v=0a50d6a8:6182
(anonymous) @ @supabase_supabase-js.js?v=0a50d6a8:6203
await in (anonymous)
then @ @supabase_supabase-js.js?v=0a50d6a8:615
requests.js:1  GET https://oiurjnmpkguyxevdbpbu.supabase.co/rest/v1/profiles?select=id%2Cfull_name%2Cstudent_id%2Cdepartment%2Cclass_id%2Cuser_roles%28role%29&id=eq.d69d18ec-1817-4a44-aacd-5efb8e55ef85 400 (Bad Request)
(anonymous) @ requests.js:1
(anonymous) @ 200.js:1
(anonymous) @ @supabase_supabase-js.js?v=0a50d6a8:6182
(anonymous) @ @supabase_supabase-js.js?v=0a50d6a8:6203
await in (anonymous)
then @ @supabase_supabase-js.js?v=0a50d6a8:615
requests.js:1  GET https://oiurjnmpkguyxevdbpbu.supabase.co/rest/v1/profiles?select=id%2Cfull_name%2Cstudent_id%2Cdepartment%2Cclass_id%2Cuser_roles%28role%29&id=eq.d69d18ec-1817-4a44-aacd-5efb8e55ef85 400 (Bad Request)
(anonymous) @ requests.js:1
(anonymous) @ 200.js:1
(anonymous) @ @supabase_supabase-js.js?v=0a50d6a8:6182
(anonymous) @ @supabase_supabase-js.js?v=0a50d6a8:6203
await in (anonymous)
then @ @supabase_supabase-js.js?v=0a50d6a8:615
requests.js:1  GET https://oiurjnmpkguyxevdbpbu.supabase.co/rest/v1/profiles?select=id%2Cfull_name%2Cstudent_id%2Cdepartment%2Cclass_id%2Cuser_roles%28role%29&id=eq.d69d18ec-1817-4a44-aacd-5efb8e55ef85 400 (Bad Request)
(anonymous) @ requests.js:1
(anonymous) @ 200.js:1
(anonymous) @ @supabase_supabase-js.js?v=0a50d6a8:6182
(anonymous) @ @supabase_supabase-js.js?v=0a50d6a8:6203
await in (anonymous)
then @ @supabase_supabase-js.js?v=0a50d6a8:615
requests.js:1  GET https://oiurjnmpkguyxevdbpbu.supabase.co/rest/v1/profiles?select=id%2Cfull_name%2Cstudent_id%2Cdepartment%2Cclass_id%2Cuser_roles%28role%29&id=eq.d69d18ec-1817-4a44-aacd-5efb8e55ef85 400 (Bad Request)
(anonymous) @ requests.js:1
(anonymous) @ 200.js:1
(anonymous) @ @supabase_supabase-js.js?v=0a50d6a8:6182
(anonymous) @ @supabase_supabase-js.js?v=0a50d6a8:6203
await in (anonymous)
then @ @supabase_supabase-js.js?v=0a50d6a8:615
requests.js:1  GET https://oiurjnmpkguyxevdbpbu.supabase.co/rest/v1/profiles?select=id%2Cfull_name%2Cstudent_id%2Cdepartment%2Cclass_id%2Cuser_roles%28role%29&id=eq.d69d18ec-1817-4a44-aacd-5efb8e55ef85 400 (Bad Request)
(anonymous) @ requests.js:1
(anonymous) @ 200.js:1
(anonymous) @ @supabase_supabase-js.js?v=0a50d6a8:6182
(anonymous) @ @supabase_supabase-js.js?v=0a50d6a8:6203
await in (anonymous)
then @ @supabase_supabase-js.js?v=0a50d6a8:615
requests.js:1  GET https://oiurjnmpkguyxevdbpbu.supabase.co/rest/v1/profiles?select=id%2Cfull_name%2Cstudent_id%2Cdepartment%2Cclass_id%2Cuser_roles%28role%29&id=eq.d69d18ec-1817-4a44-aacd-5efb8e55ef85 400 (Bad Request)
(anonymous) @ requests.js:1
(anonymous) @ 200.js:1
(anonymous) @ @supabase_supabase-js.js?v=0a50d6a8:6182
(anonymous) @ @supabase_supabase-js.js?v=0a50d6a8:6203
await in (anonymous)
then @ @supabase_supabase-js.js?v=0a50d6a8:615
requests.js:1  GET https://oiurjnmpkguyxevdbpbu.supabase.co/rest/v1/profiles?select=id%2Cfull_name%2Cstudent_id%2Cdepartment%2Cclass_id%2Cuser_roles%28role%29&id=eq.d69d18ec-1817-4a44-aacd-5efb8e55ef85 400 (Bad Request)
(anonymous) @ requests.js:1
(anonymous) @ 200.js:1
(anonymous) @ @supabase_supabase-js.js?v=0a50d6a8:6182
(anonymous) @ @supabase_supabase-js.js?v=0a50d6a8:6203
await in (anonymous)
then @ @supabase_supabase-js.js?v=0a50d6a8:615
requests.js:1  GET https://oiurjnmpkguyxevdbpbu.supabase.co/rest/v1/profiles?select=id%2Cfull_name%2Cstudent_id%2Cdepartment%2Cclass_id%2Cuser_roles%28role%29&id=eq.d69d18ec-1817-4a44-aacd-5efb8e55ef85 400 (Bad Request)
(anonymous) @ requests.js:1
(anonymous) @ 200.js:1
(anonymous) @ @supabase_supabase-js.js?v=0a50d6a8:6182
(anonymous) @ @supabase_supabase-js.js?v=0a50d6a8:6203
await in (anonymous)
then @ @supabase_supabase-js.js?v=0a50d6a8:615
requests.js:1  GET https://oiurjnmpkguyxevdbpbu.supabase.co/rest/v1/profiles?select=id%2Cfull_name%2Cstudent_id%2Cdepartment%2Cclass_id%2Cuser_roles%28role%29&id=eq.d69d18ec-1817-4a44-aacd-5efb8e55ef85 400 (Bad Request)
(anonymous) @ requests.js:1
(anonymous) @ 200.js:1
(anonymous) @ @supabase_supabase-js.js?v=0a50d6a8:6182
(anonymous) @ @supabase_supabase-js.js?v=0a50d6a8:6203
await in (anonymous)
then @ @supabase_supabase-js.js?v=0a50d6a8:615
requests.js:1  GET https://oiurjnmpkguyxevdbpbu.supabase.co/rest/v1/profiles?select=id%2Cfull_name%2Cstudent_id%2Cdepartment%2Cclass_id%2Cuser_roles%28role%29&id=eq.d69d18ec-1817-4a44-aacd-5efb8e55ef85 400 (Bad Request)
(anonymous) @ requests.js:1
(anonymous) @ 200.js:1
(anonymous) @ @supabase_supabase-js.js?v=0a50d6a8:6182
(anonymous) @ @supabase_supabase-js.js?v=0a50d6a8:6203
await in (anonymous)
then @ @supabase_supabase-js.js?v=0a50d6a8:615
requests.js:1  GET https://oiurjnmpkguyxevdbpbu.supabase.co/rest/v1/profiles?select=id%2Cfull_name%2Cstudent_id%2Cdepartment%2Cclass_id%2Cuser_roles%28role%29&id=eq.d69d18ec-1817-4a44-aacd-5efb8e55ef85 400 (Bad Request)
(anonymous) @ requests.js:1
(anonymous) @ 200.js:1
(anonymous) @ @supabase_supabase-js.js?v=0a50d6a8:6182
(anonymous) @ @supabase_supabase-js.js?v=0a50d6a8:6203
await in (anonymous)
then @ @supabase_supabase-js.js?v=0a50d6a8:615
requests.js:1  GET https://oiurjnmpkguyxevdbpbu.supabase.co/rest/v1/profiles?select=id%2Cfull_name%2Cstudent_id%2Cdepartment%2Cclass_id%2Cuser_roles%28role%29&id=eq.d69d18ec-1817-4a44-aacd-5efb8e55ef85 400 (Bad Request)
(anonymous) @ requests.js:1
(anonymous) @ 200.js:1
(anonymous) @ @supabase_supabase-js.js?v=0a50d6a8:6182
(anonymous) @ @supabase_supabase-js.js?v=0a50d6a8:6203
await in (anonymous)
then @ @supabase_supabase-js.js?v=0a50d6a8:615
requests.js:1  GET https://oiurjnmpkguyxevdbpbu.supabase.co/rest/v1/profiles?select=id%2Cfull_name%2Cstudent_id%2Cdepartment%2Cclass_id%2Cuser_roles%28role%29&id=eq.d69d18ec-1817-4a44-aacd-5efb8e55ef85 400 (Bad Request)
(anonymous) @ requests.js:1
(anonymous) @ 200.js:1
(anonymous) @ @supabase_supabase-js.js?v=0a50d6a8:6182
(anonymous) @ @supabase_supabase-js.js?v=0a50d6a8:6203
await in (anonymous)
then @ @supabase_supabase-js.js?v=0a50d6a8:615
requests.js:1  GET https://oiurjnmpkguyxevdbpbu.supabase.co/rest/v1/profiles?select=id%2Cfull_name%2Cstudent_id%2Cdepartment%2Cclass_id%2Cuser_roles%28role%29&id=eq.d69d18ec-1817-4a44-aacd-5efb8e55ef85 400 (Bad Request)
(anonymous) @ requests.js:1
(anonymous) @ 200.js:1
(anonymous) @ @supabase_supabase-js.js?v=0a50d6a8:6182
(anonymous) @ @supabase_supabase-js.js?v=0a50d6a8:6203
await in (anonymous)
then @ @supabase_supabase-js.js?v=0a50d6a8:615
requests.js:1  GET https://oiurjnmpkguyxevdbpbu.supabase.co/rest/v1/profiles?select=id%2Cfull_name%2Cstudent_id%2Cdepartment%2Cclass_id%2Cuser_roles%28role%29&id=eq.d69d18ec-1817-4a44-aacd-5efb8e55ef85 400 (Bad Request)
(anonymous) @ requests.js:1
(anonymous) @ 200.js:1
(anonymous) @ @supabase_supabase-js.js?v=0a50d6a8:6182
(anonymous) @ @supabase_supabase-js.js?v=0a50d6a8:6203
await in (anonymous)
then @ @supabase_supabase-js.js?v=0a50d6a8:615
requests.js:1  GET https://oiurjnmpkguyxevdbpbu.supabase.co/rest/v1/profiles?select=id%2Cfull_name%2Cstudent_id%2Cdepartment%2Cclass_id%2Cuser_roles%28role%29&id=eq.d69d18ec-1817-4a44-aacd-5efb8e55ef85 400 (Bad Request)
(anonymous) @ requests.js:1
(anonymous) @ 200.js:1
(anonymous) @ @supabase_supabase-js.js?v=0a50d6a8:6182
(anonymous) @ @supabase_supabase-js.js?v=0a50d6a8:6203
await in (anonymous)
then @ @supabase_supabase-js.js?v=0a50d6a8:615
requests.js:1  GET https://oiurjnmpkguyxevdbpbu.supabase.co/rest/v1/profiles?select=id%2Cfull_name%2Cstudent_id%2Cdepartment%2Cclass_id%2Cuser_roles%28role%29&id=eq.d69d18ec-1817-4a44-aacd-5efb8e55ef85 400 (Bad Request)
(anonymous) @ requests.js:1
(anonymous) @ 200.js:1
(anonymous) @ @supabase_supabase-js.js?v=0a50d6a8:6182
(anonymous) @ @supabase_supabase-js.js?v=0a50d6a8:6203
await in (anonymous)
then @ @supabase_supabase-js.js?v=0a50d6a8:615
requests.js:1  GET https://oiurjnmpkguyxevdbpbu.supabase.co/rest/v1/profiles?select=id%2Cfull_name%2Cstudent_id%2Cdepartment%2Cclass_id%2Cuser_roles%28role%29&id=eq.d69d18ec-1817-4a44-aacd-5efb8e55ef85 400 (Bad Request)
(anonymous) @ requests.js:1
(anonymous) @ 200.js:1
(anonymous) @ @supabase_supabase-js.js?v=0a50d6a8:6182
(anonymous) @ @supabase_supabase-js.js?v=0a50d6a8:6203
await in (anonymous)
then @ @supabase_supabase-js.js?v=0a50d6a8:615
requests.js:1  GET https://oiurjnmpkguyxevdbpbu.supabase.co/rest/v1/profiles?select=id%2Cfull_name%2Cstudent_id%2Cdepartment%2Cclass_id%2Cuser_roles%28role%29&id=eq.d69d18ec-1817-4a44-aacd-5efb8e55ef85 400 (Bad Request)
(anonymous) @ requests.js:1
(anonymous) @ 200.js:1
(anonymous) @ @supabase_supabase-js.js?v=0a50d6a8:6182
(anonymous) @ @supabase_supabase-js.js?v=0a50d6a8:6203
await in (anonymous)
then @ @supabase_supabase-js.js?v=0a50d6a8:615
requests.js:1  GET https://oiurjnmpkguyxevdbpbu.supabase.co/rest/v1/profiles?select=id%2Cfull_name%2Cstudent_id%2Cdepartment%2Cclass_id%2Cuser_roles%28role%29&id=eq.d69d18ec-1817-4a44-aacd-5efb8e55ef85 400 (Bad Request)
(anonymous) @ requests.js:1
(anonymous) @ 200.js:1
(anonymous) @ @supabase_supabase-js.js?v=0a50d6a8:6182
(anonymous) @ @supabase_supabase-js.js?v=0a50d6a8:6203
await in (anonymous)
then @ @supabase_supabase-js.js?v=0a50d6a8:615
requests.js:1  GET https://oiurjnmpkguyxevdbpbu.supabase.co/rest/v1/profiles?select=id%2Cfull_name%2Cstudent_id%2Cdepartment%2Cclass_id%2Cuser_roles%28role%29&id=eq.d69d18ec-1817-4a44-aacd-5efb8e55ef85 400 (Bad Request)
(anonymous) @ requests.js:1
(anonymous) @ 200.js:1
(anonymous) @ @supabase_supabase-js.js?v=0a50d6a8:6182
(anonymous) @ @supabase_supabase-js.js?v=0a50d6a8:6203
await in (anonymous)
then @ @supabase_supabase-js.js?v=0a50d6a8:615
requests.js:1  GET https://oiurjnmpkguyxevdbpbu.supabase.co/rest/v1/profiles?select=id%2Cfull_name%2Cstudent_id%2Cdepartment%2Cclass_id%2Cuser_roles%28role%29&id=eq.d69d18ec-1817-4a44-aacd-5efb8e55ef85 400 (Bad Request)
(anonymous) @ requests.js:1
(anonymous) @ 200.js:1
(anonymous) @ @supabase_supabase-js.js?v=0a50d6a8:6182
(anonymous) @ @supabase_supabase-js.js?v=0a50d6a8:6203
await in (anonymous)
then @ @supabase_supabase-js.js?v=0a50d6a8:615
requests.js:1  GET https://oiurjnmpkguyxevdbpbu.supabase.co/rest/v1/profiles?select=id%2Cfull_name%2Cstudent_id%2Cdepartment%2Cclass_id%2Cuser_roles%28role%29&id=eq.d69d18ec-1817-4a44-aacd-5efb8e55ef85 400 (Bad Request)
(anonymous) @ requests.js:1
(anonymous) @ 200.js:1
(anonymous) @ @supabase_supabase-js.js?v=0a50d6a8:6182
(anonymous) @ @supabase_supabase-js.js?v=0a50d6a8:6203
await in (anonymous)
then @ @supabase_supabase-js.js?v=0a50d6a8:615
requests.js:1  GET https://oiurjnmpkguyxevdbpbu.supabase.co/rest/v1/profiles?select=id%2Cfull_name%2Cstudent_id%2Cdepartment%2Cclass_id%2Cuser_roles%28role%29&id=eq.d69d18ec-1817-4a44-aacd-5efb8e55ef85 400 (Bad Request)
(anonymous) @ requests.js:1
(anonymous) @ 200.js:1
(anonymous) @ @supabase_supabase-js.js?v=0a50d6a8:6182
(anonymous) @ @supabase_supabase-js.js?v=0a50d6a8:6203
await in (anonymous)
then @ @supabase_supabase-js.js?v=0a50d6a8:615
requests.js:1  GET https://oiurjnmpkguyxevdbpbu.supabase.co/rest/v1/profiles?select=id%2Cfull_name%2Cstudent_id%2Cdepartment%2Cclass_id%2Cuser_roles%28role%29&id=eq.d69d18ec-1817-4a44-aacd-5efb8e55ef85 400 (Bad Request)
(anonymous) @ requests.js:1
(anonymous) @ 200.js:1
(anonymous) @ @supabase_supabase-js.js?v=0a50d6a8:6182
(anonymous) @ @supabase_supabase-js.js?v=0a50d6a8:6203
await in (anonymous)
then @ @supabase_supabase-js.js?v=0a50d6a8:615
requests.js:1  GET https://oiurjnmpkguyxevdbpbu.supabase.co/rest/v1/profiles?select=id%2Cfull_name%2Cstudent_id%2Cdepartment%2Cclass_id%2Cuser_roles%28role%29&id=eq.d69d18ec-1817-4a44-aacd-5efb8e55ef85 400 (Bad Request)
(anonymous) @ requests.js:1
(anonymous) @ 200.js:1
(anonymous) @ @supabase_supabase-js.js?v=0a50d6a8:6182
(anonymous) @ @supabase_supabase-js.js?v=0a50d6a8:6203
await in (anonymous)
then @ @supabase_supabase-js.js?v=0a50d6a8:615
requests.js:1  GET https://oiurjnmpkguyxevdbpbu.supabase.co/rest/v1/profiles?select=id%2Cfull_name%2Cstudent_id%2Cdepartment%2Cclass_id%2Cuser_roles%28role%29&id=eq.d69d18ec-1817-4a44-aacd-5efb8e55ef85 400 (Bad Request)
(anonymous) @ requests.js:1
(anonymous) @ 200.js:1
(anonymous) @ @supabase_supabase-js.js?v=0a50d6a8:6182
(anonymous) @ @supabase_supabase-js.js?v=0a50d6a8:6203
await in (anonymous)
then @ @supabase_supabase-js.js?v=0a50d6a8:615
requests.js:1  GET https://oiurjnmpkguyxevdbpbu.supabase.co/rest/v1/profiles?select=id%2Cfull_name%2Cstudent_id%2Cdepartment%2Cclass_id%2Cuser_roles%28role%29&id=eq.d69d18ec-1817-4a44-aacd-5efb8e55ef85 400 (Bad Request)
(anonymous) @ requests.js:1
(anonymous) @ 200.js:1
(anonymous) @ @supabase_supabase-js.js?v=0a50d6a8:6182
(anonymous) @ @supabase_supabase-js.js?v=0a50d6a8:6203
await in (anonymous)
then @ @supabase_supabase-js.js?v=0a50d6a8:615
requests.js:1  GET https://oiurjnmpkguyxevdbpbu.supabase.co/rest/v1/profiles?select=id%2Cfull_name%2Cstudent_id%2Cdepartment%2Cclass_id%2Cuser_roles%28role%29&id=eq.d69d18ec-1817-4a44-aacd-5efb8e55ef85 400 (Bad Request)
(anonymous) @ requests.js:1
(anonymous) @ 200.js:1
(anonymous) @ @supabase_supabase-js.js?v=0a50d6a8:6182
(anonymous) @ @supabase_supabase-js.js?v=0a50d6a8:6203
await in (anonymous)
then @ @supabase_supabase-js.js?v=0a50d6a8:615
requests.js:1  GET https://oiurjnmpkguyxevdbpbu.supabase.co/rest/v1/profiles?select=id%2Cfull_name%2Cstudent_id%2Cdepartment%2Cclass_id%2Cuser_roles%28role%29&id=eq.d69d18ec-1817-4a44-aacd-5efb8e55ef85 400 (Bad Request)
(anonymous) @ requests.js:1
(anonymous) @ 200.js:1
(anonymous) @ @supabase_supabase-js.js?v=0a50d6a8:6182
(anonymous) @ @supabase_supabase-js.js?v=0a50d6a8:6203
await in (anonymous)
then @ @supabase_supabase-js.js?v=0a50d6a8:615
