requests.js:1  GET https://oiurjnmpkguyxevdbpbu.supabase.co/rest/v1/invitations?select=*&order=created_at.desc 403 (Forbidden)
(anonymous) @ requests.js:1
(anonymous) @ 200.js:1
(anonymous) @ @supabase_supabase-js.js?v=4fdec244:6182
(anonymous) @ @supabase_supabase-js.js?v=4fdec244:6203
await in (anonymous)
then @ @supabase_supabase-js.js?v=4fdec244:615
postMessage
schedulePerformWorkUntilDeadline @ react-dom_client.js?v=4fdec244:158
exports.unstable_scheduleCallback @ react-dom_client.js?v=4fdec244:249
scheduleTaskForRootDuringMicrotask @ react-dom_client.js?v=4fdec244:13479
processRootScheduleInMicrotask @ react-dom_client.js?v=4fdec244:13430
(anonymous) @ react-dom_client.js?v=4fdec244:13531
Invitations.tsx:79 [invitations] refresh: {code: '42501', details: null, hint: null, message: 'permission denied for table users'}
(anonymous) @ Invitations.tsx:79
await in (anonymous)
(anonymous) @ Invitations.tsx:59
react_stack_bottom_frame @ react-dom_client.js?v=4fdec244:18567
runWithFiberInDEV @ react-dom_client.js?v=4fdec244:997
commitHookEffectListMount @ react-dom_client.js?v=4fdec244:9411
commitHookPassiveMountEffects @ react-dom_client.js?v=4fdec244:9465
commitPassiveMountOnFiber @ react-dom_client.js?v=4fdec244:11040
recursivelyTraversePassiveMountEffects @ react-dom_client.js?v=4fdec244:11010
commitPassiveMountOnFiber @ react-dom_client.js?v=4fdec244:11201
recursivelyTraversePassiveMountEffects @ react-dom_client.js?v=4fdec244:11010
commitPassiveMountOnFiber @ react-dom_client.js?v=4fdec244:11033
recursivelyTraversePassiveMountEffects @ react-dom_client.js?v=4fdec244:11010
commitPassiveMountOnFiber @ react-dom_client.js?v=4fdec244:11201
recursivelyTraversePassiveMountEffects @ react-dom_client.js?v=4fdec244:11010
commitPassiveMountOnFiber @ react-dom_client.js?v=4fdec244:11033
recursivelyTraversePassiveMountEffects @ react-dom_client.js?v=4fdec244:11010
commitPassiveMountOnFiber @ react-dom_client.js?v=4fdec244:11201
recursivelyTraversePassiveMountEffects @ react-dom_client.js?v=4fdec244:11010
commitPassiveMountOnFiber @ react-dom_client.js?v=4fdec244:11201
recursivelyTraversePassiveMountEffects @ react-dom_client.js?v=4fdec244:11010
commitPassiveMountOnFiber @ react-dom_client.js?v=4fdec244:11033
recursivelyTraversePassiveMountEffects @ react-dom_client.js?v=4fdec244:11010
commitPassiveMountOnFiber @ react-dom_client.js?v=4fdec244:11033
recursivelyTraversePassiveMountEffects @ react-dom_client.js?v=4fdec244:11010
commitPassiveMountOnFiber @ react-dom_client.js?v=4fdec244:11201
recursivelyTraversePassiveMountEffects @ react-dom_client.js?v=4fdec244:11010
commitPassiveMountOnFiber @ react-dom_client.js?v=4fdec244:11033
recursivelyTraversePassiveMountEffects @ react-dom_client.js?v=4fdec244:11010
commitPassiveMountOnFiber @ react-dom_client.js?v=4fdec244:11033
recursivelyTraversePassiveMountEffects @ react-dom_client.js?v=4fdec244:11010
commitPassiveMountOnFiber @ react-dom_client.js?v=4fdec244:11201
recursivelyTraversePassiveMountEffects @ react-dom_client.js?v=4fdec244:11010
commitPassiveMountOnFiber @ react-dom_client.js?v=4fdec244:11201
recursivelyTraversePassiveMountEffects @ react-dom_client.js?v=4fdec244:11010
commitPassiveMountOnFiber @ react-dom_client.js?v=4fdec244:11033
recursivelyTraversePassiveMountEffects @ react-dom_client.js?v=4fdec244:11010
commitPassiveMountOnFiber @ react-dom_client.js?v=4fdec244:11033
recursivelyTraversePassiveMountEffects @ react-dom_client.js?v=4fdec244:11010
commitPassiveMountOnFiber @ react-dom_client.js?v=4fdec244:11201
recursivelyTraversePassiveMountEffects @ react-dom_client.js?v=4fdec244:11010
commitPassiveMountOnFiber @ react-dom_client.js?v=4fdec244:11033
recursivelyTraversePassiveMountEffects @ react-dom_client.js?v=4fdec244:11010
commitPassiveMountOnFiber @ react-dom_client.js?v=4fdec244:11033
recursivelyTraversePassiveMountEffects @ react-dom_client.js?v=4fdec244:11010
commitPassiveMountOnFiber @ react-dom_client.js?v=4fdec244:11201
recursivelyTraversePassiveMountEffects @ react-dom_client.js?v=4fdec244:11010
commitPassiveMountOnFiber @ react-dom_client.js?v=4fdec244:11033
recursivelyTraversePassiveMountEffects @ react-dom_client.js?v=4fdec244:11010
commitPassiveMountOnFiber @ react-dom_client.js?v=4fdec244:11055
recursivelyTraversePassiveMountEffects @ react-dom_client.js?v=4fdec244:11010
commitPassiveMountOnFiber @ react-dom_client.js?v=4fdec244:11201
recursivelyTraversePassiveMountEffects @ react-dom_client.js?v=4fdec244:11010
commitPassiveMountOnFiber @ react-dom_client.js?v=4fdec244:11033
recursivelyTraversePassiveMountEffects @ react-dom_client.js?v=4fdec244:11010
commitPassiveMountOnFiber @ react-dom_client.js?v=4fdec244:11033
recursivelyTraversePassiveMountEffects @ react-dom_client.js?v=4fdec244:11010
commitPassiveMountOnFiber @ react-dom_client.js?v=4fdec244:11033
recursivelyTraversePassiveMountEffects @ react-dom_client.js?v=4fdec244:11010
commitPassiveMountOnFiber @ react-dom_client.js?v=4fdec244:11066
flushPassiveEffects @ react-dom_client.js?v=4fdec244:13150
flushPendingEffects @ react-dom_client.js?v=4fdec244:13088
performSyncWorkOnRoot @ react-dom_client.js?v=4fdec244:13514
flushSyncWorkAcrossRoots_impl @ react-dom_client.js?v=4fdec244:13414
flushSpawnedWork @ react-dom_client.js?v=4fdec244:13067
commitRoot @ react-dom_client.js?v=4fdec244:12804
commitRootWhenReady @ react-dom_client.js?v=4fdec244:12016
performWorkOnRoot @ react-dom_client.js?v=4fdec244:11950
performWorkOnRootViaSchedulerTask @ react-dom_client.js?v=4fdec244:13505
performWorkUntilDeadline @ react-dom_client.js?v=4fdec244:36
<AdminInvitations>
exports.jsxDEV @ react_jsx-dev-runtime.js?v=4fdec244:247
(anonymous) @ App.tsx:105
react_stack_bottom_frame @ react-dom_client.js?v=4fdec244:18509
renderWithHooks @ react-dom_client.js?v=4fdec244:5654
updateFunctionComponent @ react-dom_client.js?v=4fdec244:7475
beginWork @ react-dom_client.js?v=4fdec244:8525
runWithFiberInDEV @ react-dom_client.js?v=4fdec244:997
performUnitOfWork @ react-dom_client.js?v=4fdec244:12561
workLoopSync @ react-dom_client.js?v=4fdec244:12424
renderRootSync @ react-dom_client.js?v=4fdec244:12408
performWorkOnRoot @ react-dom_client.js?v=4fdec244:11766
performWorkOnRootViaSchedulerTask @ react-dom_client.js?v=4fdec244:13505
performWorkUntilDeadline @ react-dom_client.js?v=4fdec244:36
<App>
exports.jsxDEV @ react_jsx-dev-runtime.js?v=4fdec244:247
(anonymous) @ main.tsx:38
