requests.js:1  GET https://oiurjnmpkguyxevdbpbu.supabase.co/rest/v1/election_committees?select=id%2Cuser_id%2Ccommittee_role%2Cappointed_at%2Crevoked_at%2Crevoked_reason&election_id=eq.9698a797-b4b0-4cd9-b2a8-cf697c3e09fe&order=appointed_at.desc 500 (Internal Server Error)
(anonymous) @ requests.js:1
(anonymous) @ 200.js:1
(anonymous) @ @supabase_supabase-js.js?v=4fdec244:6182
(anonymous) @ @supabase_supabase-js.js?v=4fdec244:6203
await in (anonymous)
then @ @supabase_supabase-js.js?v=4fdec244:615
logger.ts:69 {"level":"error","msg":"Failed to load election staff","ts":"2026-09-08T07:57:21.945Z","env":"development","action":"admin.staff.load"}
emit @ logger.ts:69
(anonymous) @ logger.ts:86
(anonymous) @ ElectionStaff.tsx:112
await in (anonymous)
(anonymous) @ ElectionStaff.tsx:119
react_stack_bottom_frame @ react-dom_client.js?v=4fdec244:18567
runWithFiberInDEV @ react-dom_client.js?v=4fdec244:997
commitHookEffectListMount @ react-dom_client.js?v=4fdec244:9411
commitHookPassiveMountEffects @ react-dom_client.js?v=4fdec244:9465
commitPassiveMountOnFiber @ react-dom_client.js?v=4fdec244:11040
recursivelyTraversePassiveMountEffects @ react-dom_client.js?v=4fdec244:11010
commitPassiveMountOnFiber @ react-dom_client.js?v=4fdec244:11201
recursivelyTraversePassiveMountEffects @ react-dom_client.js?v=4fdec244:11010
commitPassiveMountOnFiber @ react-dom_client.js?v=4fdec244:11033
recursivelyTraversePassiveMountEffects @ react-dom_client.js?v=4fdec244:11010
commitPassiveMountOnFiber @ react-dom_client.js?v=4fdec244:11201
recursivelyTraversePassiveMountEffects @ react-dom_client.js?v=4fdec244:11010
commitPassiveMountOnFiber @ react-dom_client.js?v=4fdec244:11033
recursivelyTraversePassiveMountEffects @ react-dom_client.js?v=4fdec244:11010
commitPassiveMountOnFiber @ react-dom_client.js?v=4fdec244:11201
recursivelyTraversePassiveMountEffects @ react-dom_client.js?v=4fdec244:11010
commitPassiveMountOnFiber @ react-dom_client.js?v=4fdec244:11201
recursivelyTraversePassiveMountEffects @ react-dom_client.js?v=4fdec244:11010
commitPassiveMountOnFiber @ react-dom_client.js?v=4fdec244:11033
recursivelyTraversePassiveMountEffects @ react-dom_client.js?v=4fdec244:11010
commitPassiveMountOnFiber @ react-dom_client.js?v=4fdec244:11033
recursivelyTraversePassiveMountEffects @ react-dom_client.js?v=4fdec244:11010
commitPassiveMountOnFiber @ react-dom_client.js?v=4fdec244:11201
recursivelyTraversePassiveMountEffects @ react-dom_client.js?v=4fdec244:11010
commitPassiveMountOnFiber @ react-dom_client.js?v=4fdec244:11033
recursivelyTraversePassiveMountEffects @ react-dom_client.js?v=4fdec244:11010
commitPassiveMountOnFiber @ react-dom_client.js?v=4fdec244:11033
recursivelyTraversePassiveMountEffects @ react-dom_client.js?v=4fdec244:11010
commitPassiveMountOnFiber @ react-dom_client.js?v=4fdec244:11201
recursivelyTraversePassiveMountEffects @ react-dom_client.js?v=4fdec244:11010
commitPassiveMountOnFiber @ react-dom_client.js?v=4fdec244:11201
recursivelyTraversePassiveMountEffects @ react-dom_client.js?v=4fdec244:11010
commitPassiveMountOnFiber @ react-dom_client.js?v=4fdec244:11033
recursivelyTraversePassiveMountEffects @ react-dom_client.js?v=4fdec244:11010
commitPassiveMountOnFiber @ react-dom_client.js?v=4fdec244:11033
recursivelyTraversePassiveMountEffects @ react-dom_client.js?v=4fdec244:11010
commitPassiveMountOnFiber @ react-dom_client.js?v=4fdec244:11201
recursivelyTraversePassiveMountEffects @ react-dom_client.js?v=4fdec244:11010
commitPassiveMountOnFiber @ react-dom_client.js?v=4fdec244:11033
recursivelyTraversePassiveMountEffects @ react-dom_client.js?v=4fdec244:11010
commitPassiveMountOnFiber @ react-dom_client.js?v=4fdec244:11033
recursivelyTraversePassiveMountEffects @ react-dom_client.js?v=4fdec244:11010
commitPassiveMountOnFiber @ react-dom_client.js?v=4fdec244:11201
recursivelyTraversePassiveMountEffects @ react-dom_client.js?v=4fdec244:11010
commitPassiveMountOnFiber @ react-dom_client.js?v=4fdec244:11033
recursivelyTraversePassiveMountEffects @ react-dom_client.js?v=4fdec244:11010
commitPassiveMountOnFiber @ react-dom_client.js?v=4fdec244:11055
recursivelyTraversePassiveMountEffects @ react-dom_client.js?v=4fdec244:11010
commitPassiveMountOnFiber @ react-dom_client.js?v=4fdec244:11201
recursivelyTraversePassiveMountEffects @ react-dom_client.js?v=4fdec244:11010
commitPassiveMountOnFiber @ react-dom_client.js?v=4fdec244:11033
recursivelyTraversePassiveMountEffects @ react-dom_client.js?v=4fdec244:11010
commitPassiveMountOnFiber @ react-dom_client.js?v=4fdec244:11033
recursivelyTraversePassiveMountEffects @ react-dom_client.js?v=4fdec244:11010
commitPassiveMountOnFiber @ react-dom_client.js?v=4fdec244:11033
recursivelyTraversePassiveMountEffects @ react-dom_client.js?v=4fdec244:11010
commitPassiveMountOnFiber @ react-dom_client.js?v=4fdec244:11066
flushPassiveEffects @ react-dom_client.js?v=4fdec244:13150
flushPendingEffects @ react-dom_client.js?v=4fdec244:13088
flushSpawnedWork @ react-dom_client.js?v=4fdec244:13062
commitRoot @ react-dom_client.js?v=4fdec244:12804
commitRootWhenReady @ react-dom_client.js?v=4fdec244:12016
performWorkOnRoot @ react-dom_client.js?v=4fdec244:11950
performSyncWorkOnRoot @ react-dom_client.js?v=4fdec244:13517
flushSyncWorkAcrossRoots_impl @ react-dom_client.js?v=4fdec244:13414
processRootScheduleInMicrotask @ react-dom_client.js?v=4fdec244:13437
(anonymous) @ react-dom_client.js?v=4fdec244:13531
